// Jest Snapshot v1, https://goo.gl/fbAQLP

exports[`Counter component Debe de ser hacer math con el snapchop 1`] = `
<h2>Countrer</h2>
<p>100 <sup>9</sup> = 10000</p>
<div class="class- mhv"><button>+1</button><button>-1</button></div>
`;
